<svg xmlns="http://www.w3.org/2000/svg" xmlns:xlink="http://www.w3.org/1999/xlink" width="109" height="20" role="img" aria-label="octocov::badge">
    <title>octocov::badge</title>
    <linearGradient id="s" x2="0" y2="100%">
        <stop offset="0" stop-color="#bbb" stop-opacity=".1"/>
        <stop offset="1" stop-opacity=".1"/>
    </linearGradient>
    <clipPath id="r">
        <rect width="109" height="20" rx="3" fill="#fff"/>
    </clipPath>
    <g clip-path="url(#r)">
        <rect width="68" height="20" fill="#24292E"/>
        <rect x="68" width="41" height="20" fill="#007EC6"/>
        <rect width="109" height="20" fill="url(#s)"/>
    </g>
    <g fill="#fff" text-anchor="middle" font-family="Verdana,Geneva,DejaVu Sans,sans-serif" text-rendering="geometricPrecision" font-size="110">
        
        <text aria-hidden="true" x="340" y="150" fill="#010101" fill-opacity=".3" transform="scale(.1)">coverage</text>
        <text x="340" y="140" transform="scale(.1)" fill="#fff">coverage</text>
        <text aria-hidden="true" x="885" y="150" fill="#010101" fill-opacity=".3" transform="scale(.1)">10%</text>
        <text x="885" y="140" transform="scale(.1)" fill="#fff">10%</text>
    </g>
</svg>
