<svg xmlns="http://www.w3.org/2000/svg" xmlns:xlink="http://www.w3.org/1999/xlink" width="131" height="20" role="img" aria-label="octocov::badge">
    <title>octocov::badge</title>
    <linearGradient id="s" x2="0" y2="100%">
        <stop offset="0" stop-color="#bbb" stop-opacity=".1"/>
        <stop offset="1" stop-opacity=".1"/>
    </linearGradient>
    <clipPath id="r">
        <rect width="131" height="20" rx="3" fill="#fff"/>
    </clipPath>
    <g clip-path="url(#r)">
        <rect width="83" height="20" fill="#24292E"/>
        <rect x="83" width="48" height="20" fill="#007EC6"/>
        <rect width="131" height="20" fill="url(#s)"/>
    </g>
    <g fill="#fff" text-anchor="middle" font-family="Verdana,Geneva,DejaVu Sans,sans-serif" text-rendering="geometricPrecision" font-size="110">
        
        <text aria-hidden="true" x="415" y="150" fill="#010101" fill-opacity=".3" transform="scale(.1)">テスト実行時間</text>
        <text x="415" y="140" transform="scale(.1)" fill="#fff">テスト実行時間</text>
        <text aria-hidden="true" x="1070" y="150" fill="#010101" fill-opacity=".3" transform="scale(.1)">13sec</text>
        <text x="1070" y="140" transform="scale(.1)" fill="#fff">13sec</text>
    </g>
</svg>
