<details><summary>Metadata</summary>

|  goos  | goarch |               pkg                |    commit    |
|-------:|-------:|---------------------------------:|-------------:|
| darwin | amd64  | github.com/k1LoW/octocov/metrics | a1b2c3d4e5f6 |

</details>
