## Benchmark-0

| Number of iterations | Nanoseconds per iteration |
|---------------------:|--------------------------:|
| 1Â 000                | 676,5 ns/op               |
