  [1m       Benchmark-1       [0m  main (1234567)  
---------------------------------------------
  [1mNumber of iterations[0m                1,500  
  [1mNanoseconds per iteration[0m     1,340 ns/op  
