## Benchmark-0

| Number of iterations | Nanoseconds per iteration |
|---------------------:|--------------------------:|
|                 1000 | 676.5 ns/op               |
