<details><summary>Metadata</summary>

|  goos  | goarch |
|-------:|-------:|
| darwin | amd64  |

</details>
