## Repositories

| Repository | Coverage | Code to Test Ratio | Time Execution Time | Badges |
| --- | --- | --- | --- | --- |
| [k1LoW/awpsec](https://github.com/k1LoW/awpsec) | 38.8% | 1:0.0 | - | ![k1LoW/awpsec](https://raw.githubusercontent.com/k1LoW/octocov/main/example/central/badges/k1LoW/awpsec/coverage.svg) ![k1LoW/awpsec](https://raw.githubusercontent.com/k1LoW/octocov/main/example/central/badges/k1LoW/awpsec/ratio.svg) <details><summary>Copy status badge markdown</summary>```![Coverage](https://raw.githubusercontent.com/k1LoW/octocov/main/example/central/badges/k1LoW/awpsec/coverage.svg)```<br>```![Code to Test Ratio](https://raw.githubusercontent.com/k1LoW/octocov/main/example/central/badges/k1LoW/awpsec/ratio.svg)```</details> |
| [k1LoW/tbls](https://github.com/k1LoW/tbls) | 68.4% | 1:0.5 | 4m40s | ![k1LoW/tbls](https://raw.githubusercontent.com/k1LoW/octocov/main/example/central/badges/k1LoW/tbls/coverage.svg) ![k1LoW/tbls](https://raw.githubusercontent.com/k1LoW/octocov/main/example/central/badges/k1LoW/tbls/ratio.svg) ![k1LoW/tbls](https://raw.githubusercontent.com/k1LoW/octocov/main/example/central/badges/k1LoW/tbls/time.svg) <details><summary>Copy status badge markdown</summary>```![Coverage](https://raw.githubusercontent.com/k1LoW/octocov/main/example/central/badges/k1LoW/tbls/coverage.svg)```<br>```![Code to Test Ratio](https://raw.githubusercontent.com/k1LoW/octocov/main/example/central/badges/k1LoW/tbls/ratio.svg)```<br>```![Test Execution Time](https://raw.githubusercontent.com/k1LoW/octocov/main/example/central/badges/k1LoW/tbls/time.svg)```</details> |
| [sebastianbergmann/phpunit](https://github.com/sebastianbergmann/phpunit) | 80.5% | 1:0.7 | - | ![sebastianbergmann/phpunit](https://raw.githubusercontent.com/k1LoW/octocov/main/example/central/badges/sebastianbergmann/phpunit/coverage.svg) ![sebastianbergmann/phpunit](https://raw.githubusercontent.com/k1LoW/octocov/main/example/central/badges/sebastianbergmann/phpunit/ratio.svg) <details><summary>Copy status badge markdown</summary>```![Coverage](https://raw.githubusercontent.com/k1LoW/octocov/main/example/central/badges/sebastianbergmann/phpunit/coverage.svg)```<br>```![Code to Test Ratio](https://raw.githubusercontent.com/k1LoW/octocov/main/example/central/badges/sebastianbergmann/phpunit/ratio.svg)```</details> |
| [tiangolo/fastapi](https://github.com/tiangolo/fastapi) | 99.9% | - | - | ![tiangolo/fastapi](https://raw.githubusercontent.com/k1LoW/octocov/main/example/central/badges/tiangolo/fastapi/coverage.svg) <details><summary>Copy status badge markdown</summary>```![Coverage](https://raw.githubusercontent.com/k1LoW/octocov/main/example/central/badges/tiangolo/fastapi/coverage.svg)```</details> |
| [winebarrel/ridgepole](https://github.com/winebarrel/ridgepole) | 95.4% | 1:7.6 | - | ![winebarrel/ridgepole](https://raw.githubusercontent.com/k1LoW/octocov/main/example/central/badges/winebarrel/ridgepole/coverage.svg) ![winebarrel/ridgepole](https://raw.githubusercontent.com/k1LoW/octocov/main/example/central/badges/winebarrel/ridgepole/ratio.svg) <details><summary>Copy status badge markdown</summary>```![Coverage](https://raw.githubusercontent.com/k1LoW/octocov/main/example/central/badges/winebarrel/ridgepole/coverage.svg)```<br>```![Code to Test Ratio](https://raw.githubusercontent.com/k1LoW/octocov/main/example/central/badges/winebarrel/ridgepole/ratio.svg)```</details> |

---

> Generated by [octocov](https://github.com/k1LoW/octocov)
