|                         | [master](https://github.com/k1LoW/octocov/tree/master) ([5d1e926](https://github.com/k1LoW/octocov/commit/5d1e926b41be6660d138ba73846c29e42784b473)) | [master](https://github.com/k1LoW/octocov/tree/master) ([896d3c5](https://github.com/k1LoW/octocov/commit/896d3c59e6595e582eedbc7d7a05b4922ea88064)) |  +/-   |
|-------------------------|-----------------------------------------------------------------------------------------------------------------------------------------------------:|-----------------------------------------------------------------------------------------------------------------------------------------------------:|-------:|
| **Coverage**            |                                                                                                                                                38.8% |                                                                                                                                                68.4% | +29.6% |
| **Code to Test Ratio**  |                                                                                                                                                1:0.0 |                                                                                                                                                1:0.5 |   +0.5 |
| **Test Execution Time** |                                                                                                                                                    - |                                                                                                                                                4m40s | +4m40s |

<details>

<summary>Details</summary>

``` diff
  |                     | master (5d1e926) | master (896d3c5) |   +/-   |
  |---------------------|------------------|------------------|---------|
+ | Coverage            |            38.8% |            68.4% |  +29.6% |
  |   Files             |              335 |               31 |    -304 |
  |   Lines             |             6043 |             2857 |   -3186 |
- |   Covered           |             2347 |             1957 |    -390 |
+ | Code to Test Ratio  |            1:0.0 |            1:0.5 |    +0.5 |
  |   Code              |           947827 |             7202 | -940625 |
+ |   Test              |             2757 |             3704 |    +947 |
- | Test Execution Time |                - |            4m40s |  +4m40s |
```

</details>
